Traceback (most recent call last):
  File "/data/tsa/itmo/ASR_TTS/group_project_1/src/train.py", line 18, in <module>
    import torch
ModuleNotFoundError: No module named 'torch'
/data/tsa/itmo/ASR_TTS/group_project_1/src/train.py:241: FutureWarning: `torch.cuda.amp.GradScaler(args...)` is deprecated. Please use `torch.amp.GradScaler('cuda', args...)` instead.
  scaler = torch.cuda.amp.GradScaler() if use_amp else None
Device: cuda
Vocab size: 20
Computing mel normalization stats...
Model parameters: 3,520,244 (3.52M)

============================================================
Training started
============================================================
Traceback (most recent call last):
  File "/data/tsa/itmo/ASR_TTS/group_project_1/src/train.py", line 303, in <module>
    main()
  File "/data/tsa/itmo/ASR_TTS/group_project_1/src/train.py", line 260, in main
    train_loss = train_epoch(model, train_loader, optimizer, criterion, device, scaler)
                 ^^^^^^^^^^^^^^^^^^^^^^^^^^^^^^^^^^^^^^^^^^^^^^^^^^^^^^^^^^^^^^^^^^^^^^
  File "/data/tsa/itmo/ASR_TTS/group_project_1/src/train.py", line 74, in train_epoch
    for batch in loader:
  File "/data/tsa/itmo/ASR_TTS/group_project_1/conformer-env/lib/python3.12/site-packages/torch/utils/data/dataloader.py", line 708, in __next__
    data = self._next_data()
           ^^^^^^^^^^^^^^^^^
  File "/data/tsa/itmo/ASR_TTS/group_project_1/conformer-env/lib/python3.12/site-packages/torch/utils/data/dataloader.py", line 1458, in _next_data
    idx, data = self._get_data()
                ^^^^^^^^^^^^^^^^
  File "/data/tsa/itmo/ASR_TTS/group_project_1/conformer-env/lib/python3.12/site-packages/torch/utils/data/dataloader.py", line 1410, in _get_data
    success, data = self._try_get_data()
                    ^^^^^^^^^^^^^^^^^^^^
  File "/data/tsa/itmo/ASR_TTS/group_project_1/conformer-env/lib/python3.12/site-packages/torch/utils/data/dataloader.py", line 1251, in _try_get_data
    data = self._data_queue.get(timeout=timeout)
           ^^^^^^^^^^^^^^^^^^^^^^^^^^^^^^^^^^^^^
  File "/usr/lib/python3.12/queue.py", line 180, in get
    self.not_empty.wait(remaining)
  File "/usr/lib/python3.12/threading.py", line 359, in wait
    gotit = waiter.acquire(True, timeout)
            ^^^^^^^^^^^^^^^^^^^^^^^^^^^^^
KeyboardInterrupt
/data/tsa/itmo/ASR_TTS/group_project_1/src/train.py:241: FutureWarning: `torch.cuda.amp.GradScaler(args...)` is deprecated. Please use `torch.amp.GradScaler('cuda', args...)` instead.
  scaler = torch.cuda.amp.GradScaler() if use_amp else None
Device: cuda
Vocab size: 20
Computing mel normalization stats...
Model parameters: 3,520,244 (3.52M)

============================================================
Training started
============================================================
/data/tsa/itmo/ASR_TTS/group_project_1/src/train.py:83: FutureWarning: `torch.cuda.amp.autocast(args...)` is deprecated. Please use `torch.amp.autocast('cuda', args...)` instead.
  with torch.cuda.amp.autocast('cuda'):
Traceback (most recent call last):
  File "/data/tsa/itmo/ASR_TTS/group_project_1/src/train.py", line 303, in <module>
    main()
  File "/data/tsa/itmo/ASR_TTS/group_project_1/src/train.py", line 260, in main
    train_loss = train_epoch(model, train_loader, optimizer, criterion, device, scaler)
                 ^^^^^^^^^^^^^^^^^^^^^^^^^^^^^^^^^^^^^^^^^^^^^^^^^^^^^^^^^^^^^^^^^^^^^^
  File "/data/tsa/itmo/ASR_TTS/group_project_1/src/train.py", line 83, in train_epoch
    with torch.cuda.amp.autocast('cuda'):
  File "/data/tsa/itmo/ASR_TTS/group_project_1/conformer-env/lib/python3.12/site-packages/torch/cuda/amp/autocast_mode.py", line 41, in __enter__
    return super().__enter__()
           ^^^^^^^^^^^^^^^^^^^
  File "/data/tsa/itmo/ASR_TTS/group_project_1/conformer-env/lib/python3.12/site-packages/torch/amp/autocast_mode.py", line 361, in __enter__
    torch.set_autocast_enabled(self.device, self._enabled)
TypeError: set_autocast_enabled(): argument 'enabled' (position 2) must be bool, not str
/data/tsa/itmo/ASR_TTS/group_project_1/src/train.py:241: FutureWarning: `torch.cuda.amp.GradScaler(args...)` is deprecated. Please use `torch.amp.GradScaler('cuda', args...)` instead.
  scaler = torch.cuda.amp.GradScaler() if use_amp else None
Device: cuda
Vocab size: 20
Computing mel normalization stats...
Model parameters: 3,520,244 (3.52M)

============================================================
Training started
============================================================
/data/tsa/itmo/ASR_TTS/group_project_1/src/train.py:83: FutureWarning: `torch.cuda.amp.autocast(args...)` is deprecated. Please use `torch.amp.autocast('cuda', args...)` instead.
  with torch.cuda.amp.autocast():
Epoch 001/60  loss=4.0582  CER=1.0000  lr=1.50e-07  47.5s
  Samples: [('967653', ''), ('631664', ''), ('427524', ''), ('675067', ''), ('552318', '')]
  ✓ New best CER: 1.0000
Epoch 002/60  loss=3.8792  CER=1.0000  lr=3.00e-07  48.1s
  Samples: [('967653', ''), ('631664', ''), ('427524', ''), ('675067', ''), ('552318', '')]
Epoch 003/60  loss=3.3525  CER=0.9991  lr=4.50e-07  46.7s
  Samples: [('967653', ''), ('631664', ''), ('427524', ''), ('675067', ''), ('552318', '')]
  ✓ New best CER: 0.9991
Epoch 004/60  loss=2.9101  CER=0.9999  lr=6.00e-07  48.0s
  Samples: [('967653', ''), ('631664', ''), ('427524', ''), ('675067', ''), ('552318', '')]
/data/tsa/itmo/ASR_TTS/group_project_1/src/train.py:241: FutureWarning: `torch.cuda.amp.GradScaler(args...)` is deprecated. Please use `torch.amp.GradScaler('cuda', args...)` instead.
  scaler = torch.cuda.amp.GradScaler() if use_amp else None
Device: cuda
Vocab size: 24
Computing mel normalization stats...
Model parameters: 3,520,824 (3.52M)

============================================================
Training started
============================================================
/data/tsa/itmo/ASR_TTS/group_project_1/src/train.py:83: FutureWarning: `torch.cuda.amp.autocast(args...)` is deprecated. Please use `torch.amp.autocast('cuda', args...)` instead.
  with torch.cuda.amp.autocast():
Epoch 001/60  loss=4.8046  CER=1.0000  lr=1.50e-07  47.5s
  Samples: [('967653', ''), ('631664', ''), ('427524', ''), ('675067', ''), ('552318', '')]
  ✓ New best CER: 1.0000
Epoch 002/60  loss=4.5751  CER=1.0000  lr=3.00e-07  48.2s
  Samples: [('967653', ''), ('631664', ''), ('427524', ''), ('675067', ''), ('552318', '')]
Epoch 003/60  loss=3.8937  CER=1.0000  lr=4.50e-07  48.0s
  Samples: [('967653', ''), ('631664', ''), ('427524', ''), ('675067', ''), ('552318', '')]
Epoch 004/60  loss=3.2041  CER=1.0000  lr=6.00e-07  47.4s
  Samples: [('967653', ''), ('631664', ''), ('427524', ''), ('675067', ''), ('552318', '')]
Epoch 005/60  loss=2.9285  CER=1.0000  lr=7.50e-07  47.8s
  Samples: [('967653', ''), ('631664', ''), ('427524', ''), ('675067', ''), ('552318', '')]
Epoch 006/60  loss=2.8131  CER=1.0000  lr=9.00e-07  47.9s
  Samples: [('967653', ''), ('631664', ''), ('427524', ''), ('675067', ''), ('552318', '')]
Epoch 007/60  loss=2.7486  CER=1.0000  lr=1.05e-06  46.4s
  Samples: [('967653', ''), ('631664', ''), ('427524', ''), ('675067', ''), ('552318', '')]
Epoch 008/60  loss=2.6991  CER=1.0000  lr=1.20e-06  47.8s
  Samples: [('967653', ''), ('631664', ''), ('427524', ''), ('675067', ''), ('552318', '')]
Epoch 009/60  loss=2.6462  CER=1.0000  lr=1.35e-06  47.9s
  Samples: [('967653', ''), ('631664', ''), ('427524', ''), ('675067', ''), ('552318', '')]
Epoch 010/60  loss=2.5729  CER=0.9103  lr=1.50e-06  46.3s
  Samples: [('967653', ''), ('631664', ''), ('427524', ''), ('675067', ''), ('552318', '')]
  ✓ New best CER: 0.9103
Epoch 011/60  loss=2.4691  CER=0.8882  lr=1.65e-06  45.6s
  Samples: [('967653', '1000'), ('631664', '1000'), ('427524', '1000'), ('675067', '1000'), ('552318', '1000')]
  ✓ New best CER: 0.8882
Epoch 012/60  loss=2.3510  CER=0.8723  lr=1.80e-06  45.9s
  Samples: [('967653', '1000'), ('631664', '1000'), ('427524', '1000'), ('675067', '1000'), ('552318', '1000')]
  ✓ New best CER: 0.8723
Epoch 013/60  loss=2.2483  CER=0.8757  lr=1.95e-06  45.8s
  Samples: [('967653', '1000'), ('631664', '1000'), ('427524', '1000'), ('675067', '1000'), ('552318', '1000')]
Epoch 014/60  loss=2.1653  CER=0.8791  lr=2.10e-06  47.2s
  Samples: [('967653', '1000'), ('631664', '1000'), ('427524', '1000'), ('675067', '1000'), ('552318', '1000')]
Epoch 015/60  loss=2.0984  CER=0.8798  lr=2.25e-06  48.1s
  Samples: [('967653', '1000'), ('631664', '1000'), ('427524', '1000'), ('675067', '1000'), ('552318', '1000')]
Epoch 016/60  loss=2.0419  CER=0.8804  lr=2.40e-06  45.8s
  Samples: [('967653', '1000'), ('631664', '1000'), ('427524', '1000'), ('675067', '1000'), ('552318', '1000')]
Epoch 017/60  loss=1.9930  CER=0.8820  lr=2.55e-06  47.9s
  Samples: [('967653', '1000'), ('631664', '1000'), ('427524', '1000'), ('675067', '1000'), ('552318', '1000')]
Epoch 018/60  loss=1.9510  CER=0.8915  lr=2.70e-06  46.8s
  Samples: [('967653', '1000'), ('631664', '1000'), ('427524', '1000'), ('675067', '1000'), ('552318', '1000')]
Epoch 019/60  loss=1.9135  CER=0.8974  lr=2.85e-06  48.3s
  Samples: [('967653', '1000'), ('631664', '1000'), ('427524', '1000'), ('675067', '1000'), ('552318', '1000')]
Epoch 020/60  loss=1.8798  CER=0.8999  lr=3.00e-06  46.5s
  Samples: [('967653', '1000'), ('631664', '1000'), ('427524', '1000'), ('675067', '1000'), ('552318', '1000')]
Epoch 021/60  loss=1.8516  CER=0.8974  lr=3.15e-06  47.5s
  Samples: [('967653', '1000'), ('631664', '1000'), ('427524', '1000'), ('675067', '1000'), ('552318', '1000')]
Epoch 022/60  loss=1.8251  CER=0.8953  lr=3.30e-06  47.5s
  Samples: [('967653', '1000'), ('631664', '1000'), ('427524', '1000'), ('675067', '1000'), ('552318', '1000')]
Epoch 023/60  loss=1.8036  CER=0.8936  lr=3.45e-06  47.8s
  Samples: [('967653', '1000'), ('631664', '1000'), ('427524', '1000'), ('675067', '1000'), ('552318', '1000')]
Epoch 024/60  loss=1.7797  CER=0.8936  lr=3.60e-06  47.0s
  Samples: [('967653', '1000'), ('631664', '1000'), ('427524', '1000'), ('675067', '1000'), ('552318', '1000')]
Epoch 025/60  loss=1.7630  CER=0.8923  lr=3.75e-06  48.1s
  Samples: [('967653', '1000'), ('631664', '1000'), ('427524', '1000'), ('675067', '1000'), ('552318', '1000')]
Epoch 026/60  loss=1.7447  CER=0.8924  lr=3.90e-06  46.3s
  Samples: [('967653', '1000'), ('631664', '1000'), ('427524', '1000'), ('675067', '1000'), ('552318', '1000')]
Epoch 027/60  loss=1.7305  CER=0.8922  lr=4.05e-06  48.2s
  Samples: [('967653', '1000'), ('631664', '1000'), ('427524', '1000'), ('675067', '1000'), ('552318', '1000')]
Epoch 028/60  loss=1.7150  CER=0.8920  lr=4.20e-06  48.4s
  Samples: [('967653', '1000'), ('631664', '1000'), ('427524', '1000'), ('675067', '1000'), ('552318', '1000')]
Epoch 029/60  loss=1.7019  CER=0.8909  lr=4.35e-06  48.9s
  Samples: [('967653', '1000'), ('631664', '1000'), ('427524', '1000'), ('675067', '1000'), ('552318', '1000')]
Epoch 030/60  loss=1.6909  CER=0.8926  lr=4.50e-06  47.2s
  Samples: [('967653', '1000'), ('631664', '1000'), ('427524', '1000'), ('675067', '1000'), ('552318', '1000')]
Epoch 031/60  loss=1.6790  CER=0.8910  lr=4.65e-06  46.8s
  Samples: [('967653', '1000'), ('631664', '1000'), ('427524', '10000'), ('675067', '1000'), ('552318', '1000')]
Epoch 032/60  loss=1.6664  CER=0.8931  lr=4.80e-06  45.5s
  Samples: [('967653', '1000'), ('631664', '1000'), ('427524', '1000'), ('675067', '1000'), ('552318', '1000')]
Epoch 033/60  loss=1.6599  CER=0.8925  lr=4.95e-06  46.9s
  Samples: [('967653', '1000'), ('631664', '1000'), ('427524', '1000'), ('675067', '1000'), ('552318', '1000')]
Epoch 034/60  loss=1.6479  CER=0.8902  lr=5.10e-06  47.0s
  Samples: [('967653', '1000'), ('631664', '1000'), ('427524', '1000'), ('675067', '1000'), ('552318', '1000')]
Epoch 035/60  loss=1.6395  CER=0.8912  lr=5.25e-06  48.1s
  Samples: [('967653', '1000'), ('631664', '1000'), ('427524', '1000'), ('675067', '1000'), ('552318', '1000')]
Epoch 036/60  loss=1.6307  CER=0.8885  lr=5.40e-06  48.3s
  Samples: [('967653', '1000'), ('631664', '1000'), ('427524', '1000'), ('675067', '1000'), ('552318', '1000')]
Epoch 037/60  loss=1.6226  CER=0.8917  lr=5.55e-06  48.4s
  Samples: [('967653', '1000'), ('631664', '1000'), ('427524', '1000'), ('675067', '1000'), ('552318', '1000')]
Epoch 038/60  loss=1.6128  CER=0.8895  lr=5.70e-06  46.1s
  Samples: [('967653', '1000'), ('631664', '1000'), ('427524', '1000'), ('675067', '1000'), ('552318', '1000')]
Epoch 039/60  loss=1.6045  CER=0.8915  lr=5.85e-06  47.9s
  Samples: [('967653', '1000'), ('631664', '1000'), ('427524', '1000'), ('675067', '1000'), ('552318', '1000')]
Epoch 040/60  loss=1.5966  CER=0.8905  lr=6.00e-06  47.6s
  Samples: [('967653', '1000'), ('631664', '1000'), ('427524', '1000'), ('675067', '1000'), ('552318', '1000')]
Epoch 041/60  loss=1.5880  CER=0.8937  lr=6.15e-06  49.0s
  Samples: [('967653', '1000'), ('631664', '1000'), ('427524', '1000'), ('675067', '1000'), ('552318', '1000')]
Epoch 042/60  loss=1.5795  CER=0.8974  lr=6.30e-06  46.0s
  Samples: [('967653', '1000'), ('631664', '1000'), ('427524', '1000'), ('675067', '1000'), ('552318', '1000')]
Epoch 043/60  loss=1.5708  CER=0.8925  lr=6.45e-06  48.5s
  Samples: [('967653', '10000'), ('631664', '1000'), ('427524', '1000'), ('675067', '1000'), ('552318', '1000')]
Epoch 044/60  loss=1.5629  CER=0.8943  lr=6.60e-06  47.5s
  Samples: [('967653', '10000'), ('631664', '1000'), ('427524', '1000'), ('675067', '1000'), ('552318', '1000')]
Epoch 045/60  loss=1.5540  CER=0.8926  lr=6.75e-06  49.0s
  Samples: [('967653', '10000'), ('631664', '1000'), ('427524', '1000'), ('675067', '1000'), ('552318', '1000')]
Epoch 046/60  loss=1.5439  CER=0.8966  lr=6.90e-06  47.5s
  Samples: [('967653', '10000'), ('631664', '1000'), ('427524', '1000'), ('675067', '1000'), ('552318', '1000')]
Epoch 047/60  loss=1.5300  CER=0.8940  lr=7.05e-06  47.8s
  Samples: [('967653', '10000'), ('631664', '1000'), ('427524', '1000'), ('675067', '1000'), ('552318', '1000')]
Epoch 048/60  loss=1.5175  CER=0.8907  lr=7.20e-06  48.8s
  Samples: [('967653', '10000'), ('631664', '1000'), ('427524', '1000'), ('675067', '10000'), ('552318', '1000')]
Epoch 049/60  loss=1.5011  CER=0.8881  lr=7.35e-06  47.6s
  Samples: [('967653', '10000'), ('631664', '1000'), ('427524', '1000'), ('675067', '1000'), ('552318', '1000')]
Epoch 050/60  loss=1.4819  CER=0.8814  lr=7.50e-06  47.1s
  Samples: [('967653', '1000'), ('631664', '1000'), ('427524', '1000'), ('675067', '1000'), ('552318', '1000')]
Epoch 051/60  loss=1.4636  CER=0.8822  lr=7.65e-06  49.6s
  Samples: [('967653', '1000'), ('631664', '1000'), ('427524', '1000'), ('675067', '1000'), ('552318', '1000')]
Epoch 052/60  loss=1.4418  CER=0.8753  lr=7.80e-06  47.3s
  Samples: [('967653', '1000'), ('631664', '1000'), ('427524', '1000'), ('675067', '1000'), ('552318', '1000')]
Epoch 053/60  loss=1.4228  CER=0.8702  lr=7.95e-06  47.1s
  Samples: [('967653', '1000'), ('631664', '1000'), ('427524', '1000'), ('675067', '1000'), ('552318', '1000')]
  ✓ New best CER: 0.8702
Epoch 054/60  loss=1.4005  CER=0.8700  lr=8.10e-06  48.2s
  Samples: [('967653', '1000'), ('631664', '1000'), ('427524', '1000'), ('675067', '1000'), ('552318', '1000')]
  ✓ New best CER: 0.8700
Epoch 055/60  loss=1.3795  CER=0.8677  lr=8.25e-06  46.1s
  Samples: [('967653', '1000'), ('631664', '1000'), ('427524', '1000'), ('675067', '1000'), ('552318', '1000')]
  ✓ New best CER: 0.8677
Epoch 056/60  loss=1.3587  CER=0.8652  lr=8.40e-06  46.7s
  Samples: [('967653', '1000'), ('631664', '1000'), ('427524', '1800'), ('675067', '1000'), ('552318', '1000')]
  ✓ New best CER: 0.8652
Epoch 057/60  loss=1.3377  CER=0.8608  lr=8.55e-06  47.7s
  Samples: [('967653', '1000'), ('631664', '1000'), ('427524', '1800'), ('675067', '1000'), ('552318', '1000')]
  ✓ New best CER: 0.8608
Epoch 058/60  loss=1.3182  CER=0.8587  lr=8.70e-06  47.3s
  Samples: [('967653', '1000'), ('631664', '1000'), ('427524', '1800'), ('675067', '1000'), ('552318', '1000')]
  ✓ New best CER: 0.8587
Epoch 059/60  loss=1.2950  CER=0.8589  lr=8.85e-06  47.8s
  Samples: [('967653', '1000'), ('631664', '1000'), ('427524', '1800'), ('675067', '1000'), ('552318', '1000')]
Epoch 060/60  loss=1.2764  CER=0.8546  lr=9.00e-06  48.9s
  Samples: [('967653', '1000'), ('631664', '1000'), ('427524', '1800'), ('675067', '1000'), ('552318', '1000')]
  ✓ New best CER: 0.8546

Running final beam-search evaluation on best checkpoint...
Traceback (most recent call last):
  File "/data/tsa/itmo/ASR_TTS/group_project_1/src/train.py", line 303, in <module>
    main()
  File "/data/tsa/itmo/ASR_TTS/group_project_1/src/train.py", line 292, in main
    final = evaluate(model, dev_loader, device, idx2char, use_beam=True, beam_width=5)
            ^^^^^^^^^^^^^^^^^^^^^^^^^^^^^^^^^^^^^^^^^^^^^^^^^^^^^^^^^^^^^^^^^^^^^^^^^^
  File "/data/tsa/itmo/ASR_TTS/group_project_1/conformer-env/lib/python3.12/site-packages/torch/utils/_contextlib.py", line 116, in decorate_context
    return func(*args, **kwargs)
           ^^^^^^^^^^^^^^^^^^^^^
TypeError: evaluate() got an unexpected keyword argument 'beam_width'
/data/tsa/itmo/ASR_TTS/group_project_1/src/train.py:229: FutureWarning: `torch.cuda.amp.GradScaler(args...)` is deprecated. Please use `torch.amp.GradScaler('cuda', args...)` instead.
  scaler = torch.cuda.amp.GradScaler() if use_amp else None
Device: cuda
Vocab size: 24
Model parameters: 3,520,824 (3.52M)
Computing mel normalization stats...

============================================================
Training started
============================================================
/data/tsa/itmo/ASR_TTS/group_project_1/src/train.py:83: FutureWarning: `torch.cuda.amp.autocast(args...)` is deprecated. Please use `torch.amp.autocast('cuda', args...)` instead.
  with torch.cuda.amp.autocast():
Epoch 001/60  loss=1.5219  CER=0.7995  lr=3.00e-04  47.3s
  Samples: [('967653', '1000'), ('631664', '600000'), ('427524', '880080'), ('675067', '1000'), ('552318', '1000')]
  ✓ New best CER: 0.7995
Epoch 002/60  loss=0.7268  CER=0.6412  lr=2.99e-04  48.4s
  Samples: [('967653', '1080'), ('631664', '1000'), ('427524', '88080'), ('675067', '1070'), ('552318', '551900')]
  ✓ New best CER: 0.6412
Epoch 003/60  loss=0.4187  CER=0.5753  lr=2.98e-04  47.5s
  Samples: [('967653', '40050'), ('631664', '1000'), ('427524', '88080'), ('675067', '600060'), ('552318', '550000')]
  ✓ New best CER: 0.5753
Epoch 004/60  loss=0.2280  CER=0.4519  lr=2.97e-04  49.0s
  Samples: [('967653', '1100'), ('631664', '630006'), ('427524', '80880'), ('675067', '1000'), ('552318', '550000')]
  ✓ New best CER: 0.4519
Epoch 005/60  loss=0.1452  CER=0.3977  lr=2.95e-04  47.6s
  Samples: [('967653', '46000'), ('631664', '600606'), ('427524', '88888'), ('675067', '1000'), ('552318', '2500')]
  ✓ New best CER: 0.3977
Epoch 006/60  loss=0.1098  CER=0.3298  lr=2.93e-04  49.1s
  Samples: [('967653', '53003'), ('631664', '1600'), ('427524', '1080'), ('675067', '1000'), ('552318', '1000')]
  ✓ New best CER: 0.3298
Epoch 007/60  loss=0.0685  CER=0.2884  lr=2.90e-04  48.3s
  Samples: [('967653', '13653'), ('631664', '600600'), ('427524', '7080'), ('675067', ''), ('552318', '1000')]
  ✓ New best CER: 0.2884
Epoch 008/60  loss=0.0558  CER=0.2807  lr=2.87e-04  47.3s
  Samples: [('967653', '13053'), ('631664', '1064'), ('427524', '7020'), ('675067', '1000'), ('552318', '1300')]
  ✓ New best CER: 0.2807
Epoch 009/60  loss=0.0456  CER=0.2463  lr=2.84e-04  47.9s
  Samples: [('967653', '13053'), ('631664', '31664'), ('427524', '7080'), ('675067', '1000'), ('552318', '1000')]
  ✓ New best CER: 0.2463
Epoch 010/60  loss=0.0419  CER=0.2730  lr=2.80e-04  43.9s
  Samples: [('967653', '6053'), ('631664', '630664'), ('427524', '225820'), ('675067', '1000'), ('552318', '1300')]
Epoch 011/60  loss=0.0397  CER=0.2654  lr=2.76e-04  48.0s
  Samples: [('967653', '2653'), ('631664', '631664'), ('427524', '7080'), ('675067', ''), ('552318', '')]
Epoch 012/60  loss=0.0368  CER=0.2471  lr=2.71e-04  48.6s
  Samples: [('967653', '22653'), ('631664', '631664'), ('427524', '25084'), ('675067', ''), ('552318', '1000')]
Epoch 013/60  loss=0.0328  CER=0.2440  lr=2.67e-04  50.3s
  Samples: [('967653', '13053'), ('631664', '631664'), ('427524', '7108'), ('675067', ''), ('552318', '40300')]
  ✓ New best CER: 0.2440
Epoch 014/60  loss=0.0319  CER=0.2275  lr=2.61e-04  48.2s
  Samples: [('967653', '207053'), ('631664', '631664'), ('427524', '7020'), ('675067', ''), ('552318', '1300')]
  ✓ New best CER: 0.2275
Epoch 015/60  loss=0.0304  CER=0.2218  lr=2.56e-04  46.0s
  Samples: [('967653', '7653'), ('631664', '631664'), ('427524', '7080'), ('675067', ''), ('552318', '1000')]
  ✓ New best CER: 0.2218
Epoch 016/60  loss=0.0285  CER=0.2586  lr=2.50e-04  48.7s
  Samples: [('967653', '13653'), ('631664', '631664'), ('427524', '7000'), ('675067', ''), ('552318', '')]
Epoch 017/60  loss=0.0289  CER=0.2204  lr=2.44e-04  50.3s
  Samples: [('967653', '13003'), ('631664', '631664'), ('427524', '7800'), ('675067', ''), ('552318', '1300')]
  ✓ New best CER: 0.2204
Epoch 018/60  loss=0.0267  CER=0.1839  lr=2.38e-04  47.5s
  Samples: [('967653', '9653'), ('631664', '631664'), ('427524', '8004'), ('675067', ''), ('552318', '5300')]
  ✓ New best CER: 0.1839
Epoch 019/60  loss=0.0241  CER=0.1829  lr=2.32e-04  48.6s
  Samples: [('967653', '7053'), ('631664', '601664'), ('427524', '7024'), ('675067', '1000'), ('552318', '8000')]
  ✓ New best CER: 0.1829
Epoch 020/60  loss=0.0247  CER=0.2219  lr=2.25e-04  48.5s
  Samples: [('967653', '47653'), ('631664', '631664'), ('427524', '7020'), ('675067', ''), ('552318', '1000')]
Epoch 021/60  loss=0.0245  CER=0.1821  lr=2.18e-04  45.9s
  Samples: [('967653', '47653'), ('631664', '631664'), ('427524', '7002'), ('675067', ''), ('552318', '1000')]
  ✓ New best CER: 0.1821
Epoch 022/60  loss=0.0207  CER=0.2215  lr=2.11e-04  45.8s
  Samples: [('967653', '7653'), ('631664', '631664'), ('427524', '7000'), ('675067', '1000'), ('552318', '1000')]
Epoch 023/60  loss=0.0212  CER=0.2108  lr=2.04e-04  48.7s
  Samples: [('967653', '13653'), ('631664', '631664'), ('427524', '7904'), ('675067', '100000'), ('552318', '1000')]
Epoch 024/60  loss=0.0215  CER=0.2316  lr=1.96e-04  47.8s
  Samples: [('967653', '2653'), ('631664', '631664'), ('427524', '7004'), ('675067', '100000'), ('552318', '')]
Epoch 025/60  loss=0.0201  CER=0.2354  lr=1.89e-04  48.7s
  Samples: [('967653', '1653'), ('631664', '631664'), ('427524', '7804'), ('675067', '1000'), ('552318', '')]
Epoch 026/60  loss=0.0181  CER=0.2201  lr=1.81e-04  45.6s
  Samples: [('967653', '7653'), ('631664', '631664'), ('427524', '7800'), ('675067', '1000'), ('552318', '')]
Epoch 027/60  loss=0.0174  CER=0.2113  lr=1.73e-04  47.1s
  Samples: [('967653', '53653'), ('631664', '30664'), ('427524', '25800'), ('675067', '1000'), ('552318', '1008')]
Epoch 028/60  loss=0.0163  CER=0.2049  lr=1.66e-04  47.2s
  Samples: [('967653', '62653'), ('631664', '631664'), ('427524', '7000'), ('675067', '1000'), ('552318', '')]
Epoch 029/60  loss=0.0173  CER=0.2162  lr=1.58e-04  47.2s
  Samples: [('967653', '253653'), ('631664', '31664'), ('427524', '7024'), ('675067', '1000'), ('552318', '1000')]
Epoch 030/60  loss=0.0157  CER=0.1850  lr=1.50e-04  47.7s
  Samples: [('967653', '22653'), ('631664', '631664'), ('427524', '7004'), ('675067', '105000'), ('552318', '1000')]
Epoch 031/60  loss=0.0155  CER=0.1911  lr=1.42e-04  46.0s
  Samples: [('967653', '7653'), ('631664', '631664'), ('427524', '7804'), ('675067', '5000'), ('552318', '1000')]
Epoch 032/60  loss=0.0145  CER=0.1671  lr=1.34e-04  45.9s
  Samples: [('967653', '247653'), ('631664', '631664'), ('427524', '7024'), ('675067', '1000'), ('552318', '1318')]
  ✓ New best CER: 0.1671
Epoch 033/60  loss=0.0146  CER=0.2120  lr=1.27e-04  45.7s
  Samples: [('967653', '246653'), ('631664', '631664'), ('427524', '7024'), ('675067', ''), ('552318', '1000')]
Epoch 034/60  loss=0.0139  CER=0.1897  lr=1.19e-04  47.9s
  Samples: [('967653', '9653'), ('631664', '631664'), ('427524', '7020'), ('675067', ''), ('552318', '2300')]
Epoch 035/60  loss=0.0142  CER=0.2017  lr=1.11e-04  48.2s
  Samples: [('967653', '6653'), ('631664', '600664'), ('427524', '7400'), ('675067', ''), ('552318', '1000')]
Epoch 036/60  loss=0.0134  CER=0.1798  lr=1.04e-04  46.2s
  Samples: [('967653', '9653'), ('631664', '631664'), ('427524', '7400'), ('675067', '5000'), ('552318', '2000')]
Epoch 037/60  loss=0.0129  CER=0.1932  lr=9.62e-05  47.3s
  Samples: [('967653', '247653'), ('631664', '631664'), ('427524', '8200'), ('675067', ''), ('552318', '1000')]
Epoch 038/60  loss=0.0102  CER=0.1865  lr=8.90e-05  48.8s
  Samples: [('967653', '47653'), ('631664', '631664'), ('427524', '7020'), ('675067', '1000'), ('552318', '1000')]
Epoch 039/60  loss=0.0105  CER=0.2271  lr=8.19e-05  48.6s
  Samples: [('967653', '7653'), ('631664', '631664'), ('427524', '7020'), ('675067', ''), ('552318', '')]
Epoch 040/60  loss=0.0115  CER=0.1858  lr=7.50e-05  49.6s
  Samples: [('967653', '13653'), ('631664', '631664'), ('427524', '7024'), ('675067', ''), ('552318', '1300')]
Epoch 041/60  loss=0.0113  CER=0.1928  lr=6.83e-05  46.4s
  Samples: [('967653', '47653'), ('631664', '631664'), ('427524', '7024'), ('675067', '1000'), ('552318', '1000')]
Epoch 042/60  loss=0.0112  CER=0.1870  lr=6.18e-05  45.8s
  Samples: [('967653', '7653'), ('631664', '631664'), ('427524', '7824'), ('675067', '1000'), ('552318', '1000')]
Epoch 043/60  loss=0.0106  CER=0.1899  lr=5.56e-05  48.2s
  Samples: [('967653', '7653'), ('631664', '631664'), ('427524', '7820'), ('675067', '1000'), ('552318', '')]
Epoch 044/60  loss=0.0090  CER=0.1789  lr=4.96e-05  47.5s
  Samples: [('967653', '7653'), ('631664', '631664'), ('427524', '407420'), ('675067', '1000'), ('552318', '1000')]
Epoch 045/60  loss=0.0097  CER=0.1783  lr=4.39e-05  48.3s
  Samples: [('967653', '6653'), ('631664', '631664'), ('427524', '7820'), ('675067', '1000'), ('552318', '')]
Epoch 046/60  loss=0.0096  CER=0.1795  lr=3.85e-05  47.7s
  Samples: [('967653', '47653'), ('631664', '631664'), ('427524', '7820'), ('675067', '1000'), ('552318', '')]
Epoch 047/60  loss=0.0097  CER=0.1733  lr=3.34e-05  46.7s
  Samples: [('967653', '47653'), ('631664', '631664'), ('427524', '7800'), ('675067', '1000'), ('552318', '1000')]
Epoch 048/60  loss=0.0083  CER=0.1842  lr=2.86e-05  46.7s
  Samples: [('967653', '55653'), ('631664', '631664'), ('427524', '7804'), ('675067', '1000'), ('552318', '1000')]
Epoch 049/60  loss=0.0089  CER=0.1862  lr=2.42e-05  46.8s
  Samples: [('967653', '55653'), ('631664', '631664'), ('427524', '7000'), ('675067', '1000'), ('552318', '1000')]
Epoch 050/60  loss=0.0082  CER=0.1794  lr=2.01e-05  48.4s
  Samples: [('967653', '13653'), ('631664', '631664'), ('427524', '7004'), ('675067', '1000'), ('552318', '')]
Epoch 051/60  loss=0.0079  CER=0.1785  lr=1.63e-05  48.2s
  Samples: [('967653', '53653'), ('631664', '631664'), ('427524', '7800'), ('675067', ''), ('552318', '')]
Epoch 052/60  loss=0.0087  CER=0.1661  lr=1.50e-05  45.0s
  Samples: [('967653', '55653'), ('631664', '631664'), ('427524', '8200'), ('675067', '600000'), ('552318', '1000')]
  ✓ New best CER: 0.1661
Epoch 053/60  loss=0.0078  CER=0.1690  lr=1.50e-05  48.8s
  Samples: [('967653', '7653'), ('631664', '631664'), ('427524', '8200'), ('675067', '1000'), ('552318', '1000')]
Epoch 054/60  loss=0.0081  CER=0.1679  lr=1.50e-05  48.6s
  Samples: [('967653', '7653'), ('631664', '631664'), ('427524', '8200'), ('675067', '1000'), ('552318', '1300')]
Epoch 055/60  loss=0.0074  CER=0.1615  lr=1.50e-05  48.1s
  Samples: [('967653', '53653'), ('631664', '631664'), ('427524', '8200'), ('675067', '1000'), ('552318', '1300')]
  ✓ New best CER: 0.1615
Epoch 056/60  loss=0.0086  CER=0.1676  lr=1.50e-05  47.4s
  Samples: [('967653', '7653'), ('631664', '631664'), ('427524', '8200'), ('675067', '1000'), ('552318', '1000')]
Epoch 057/60  loss=0.0075  CER=0.1665  lr=1.50e-05  48.8s
  Samples: [('967653', '7653'), ('631664', '631664'), ('427524', '8220'), ('675067', '600000'), ('552318', '1300')]
Epoch 058/60  loss=0.0080  CER=0.1590  lr=1.50e-05  47.7s
  Samples: [('967653', '13653'), ('631664', '631664'), ('427524', '7804'), ('675067', '600000'), ('552318', '1300')]
  ✓ New best CER: 0.1590
Epoch 059/60  loss=0.0074  CER=0.1504  lr=1.50e-05  48.9s
  Samples: [('967653', '13653'), ('631664', '631664'), ('427524', '7800'), ('675067', '600000'), ('552318', '1000')]
  ✓ New best CER: 0.1504
Epoch 060/60  loss=0.0076  CER=0.1559  lr=1.50e-05  46.1s
  Samples: [('967653', '7653'), ('631664', '631664'), ('427524', '407800'), ('675067', '600000'), ('552318', '1000')]

Running final beam-search evaluation on best checkpoint...
Final beam-search CER: 0.1498

Done! Best CER: 0.1504
Checkpoints saved to: checkpoints
